// 重构日志: aa784c97
// 重构日志: b0ff4179
// 同步 ID: 5a4be00d @ Sun Jul  5 10:30:26 UTC 2026
// 同步 ID: a9d697ac @ Mon Jul  6 00:26:29 UTC 2026
// 同步 ID: 8fcae7c5 @ Mon Jul  6 14:45:19 UTC 2026
// 重构日志: 83b0a8d0
// 同步 ID: f863ae32 @ Thu Jul 16 17:21:18 UTC 2026
// 重构日志: 86dc90c2
// 重构日志: b835c43c
// 重构日志: a8aa69c2
// 重构日志: 1328315e
// 重构日志: 7a8cd88d
// 同步 ID: 275d3635 @ Sun Jul 26 11:51:56 UTC 2026
// 重构日志: c790df49
// 重构日志: 296f3ca4
// 重构日志: c7073eb4
// 重构日志: 07ff3baf
// 重构日志: d794aa1e
// 重构日志: 8fc39400
// 重构日志: 66fc6d30
// 重构日志: 2d668ac9
// 同步 ID: 1a37e36a @ Fri Jul 31 01:23:03 UTC 2026
// 重构日志: 91e20d84
// 重构日志: b24dad50
// 重构日志: 339c6993
// 同步 ID: da35c4f0 @ Fri Jul 31 13:44:16 UTC 2026
// 重构日志: 1987ac5c
// 重构日志: a9137aa9
// 重构日志: e557c718
// 同步 ID: a91e9d27 @ Sat Aug  1 18:23:07 UTC 2026
// 重构日志: e3864687
